// Jest Snapshot v1, https://goo.gl/fbAQLP

exports[`renders correctly 1`] = `
<WithStyles(ForwardRef(Card))>
  <WithStyles(ForwardRef(CardActionArea))>
    <WithStyles(ForwardRef(CardMedia))
      alt="Contemplative Reptile"
      component="img"
      height="140"
      image="https://next.material-ui.com/static/images/cards/contemplative-reptile.jpg"
      title="Contemplative Reptile"
    />
    <WithStyles(ForwardRef(CardContent))>
      <div
        style={
          Object {
            "display": "flex",
          }
        }
      >
        <WithStyles(ForwardRef(Avatar))
          alt="Remy Sharp"
          src="https://next.material-ui.com/static/images/avatar/1.jpg"
        />
        <WithStyles(ForwardRef(Typography))
          component="h2"
          gutterBottom={true}
          variant="h5"
        >
          Lizard
        </WithStyles(ForwardRef(Typography))>
      </div>
    </WithStyles(ForwardRef(CardContent))>
  </WithStyles(ForwardRef(CardActionArea))>
  <WithStyles(ForwardRef(CardActions))>
    <_default
      color="primary"
      size="small"
    >
      1
    </_default>
    <_default
      color="primary"
      size="small"
    >
      2
    </_default>
    <_default
      color="primary"
      size="small"
    >
      3
    </_default>
  </WithStyles(ForwardRef(CardActions))>
</WithStyles(ForwardRef(Card))>
`;
