// Jest Snapshot v1, https://goo.gl/fbAQLP

exports[`renders correctly 1`] = `
<WithStyles(ForwardRef(Paper))>
  <WithStyles(ForwardRef(Typography))
    gutterBottom={true}
  >
    おすすめトレンド
  </WithStyles(ForwardRef(Typography))>
  <WithStyles(ForwardRef(Typography))
    gutterBottom={true}
    variant="body1"
  >
    #Lizard
  </WithStyles(ForwardRef(Typography))>
  <WithStyles(ForwardRef(Typography))
    gutterBottom={true}
    variant="body1"
  >
    #Lizard
  </WithStyles(ForwardRef(Typography))>
  <WithStyles(ForwardRef(Typography))
    gutterBottom={true}
    variant="body1"
  >
    #Lizard
  </WithStyles(ForwardRef(Typography))>
  <WithStyles(ForwardRef(Typography))
    gutterBottom={true}
    variant="body1"
  >
    #Lizard
  </WithStyles(ForwardRef(Typography))>
  <WithStyles(ForwardRef(Typography))
    gutterBottom={true}
    variant="body1"
  >
    #Lizard
  </WithStyles(ForwardRef(Typography))>
</WithStyles(ForwardRef(Paper))>
`;
