// Jest Snapshot v1, https://goo.gl/fbAQLP

exports[`renders correctly 1`] = `
<WithStyles(ForwardRef(AppBar))
  position="static"
  style={
    Object {
      "marginBottom": 10,
    }
  }
>
  <WithStyles(ForwardRef(Toolbar))>
    <WithStyles(ForwardRef(Grid))
      container={true}
      spacing={3}
    >
      <WithStyles(ForwardRef(Grid))
        item={true}
        xs={5}
      >
        <_default
          aria-label="Menu"
          color="inherit"
          edge="start"
        >
          <HomeIcon />
          <span>
            ホーム
          </span>
        </_default>
        <_default
          aria-label="Menu"
          color="inherit"
          edge="start"
        >
          <FlashOnIcon />
          <span>
            モーメント
          </span>
        </_default>
        <_default
          aria-label="Menu"
          color="inherit"
          edge="start"
        >
          <NotificationsIcon />
          <span>
            通知
          </span>
        </_default>
        <_default
          aria-label="Menu"
          color="inherit"
          edge="start"
        >
          <MailIcon />
          <span>
            メッセージ
          </span>
        </_default>
      </WithStyles(ForwardRef(Grid))>
      <WithStyles(ForwardRef(Grid))
        item={true}
        xs={2}
      >
        <WithStyles(ForwardRef(Typography))
          role="img"
          style={
            Object {
              "flexGrow": 1,
              "textAlign": "center",
            }
          }
          variant="h6"
        >
          <span
            aria-label="logo"
            role="img"
          >
            🐤
          </span>
        </WithStyles(ForwardRef(Typography))>
      </WithStyles(ForwardRef(Grid))>
      <WithStyles(ForwardRef(Grid))
        item={true}
        xs={5}
      >
        <div
          style={
            Object {
              "display": "flex",
              "justifyContent": "flex-end",
            }
          }
        >
          <input
            placeholder="キーワード検索"
          />
          <WithStyles(ForwardRef(Avatar))
            alt="Remy Sharp"
            src="https://next.material-ui.com/static/images/avatar/1.jpg"
          />
          <_default>
            ツイート
          </_default>
        </div>
         
      </WithStyles(ForwardRef(Grid))>
    </WithStyles(ForwardRef(Grid))>
  </WithStyles(ForwardRef(Toolbar))>
</WithStyles(ForwardRef(AppBar))>
`;
